******************************************************************************
            TI ARM Clang Linker PC v4.0.0                      
******************************************************************************
>> Linked Wed Feb 12 09:32:45 2025

OUTPUT FILE NAME:   <empty_LP_MSPM0G3507_nortos_ticlang.out>
ENTRY POINT SYMBOL: "_c_int00_noargs"  address: 0000080d


MEMORY CONFIGURATION

         name            origin    length      used     unused   attr    fill
----------------------  --------  ---------  --------  --------  ----  --------
  FLASH                 00000000   00020000  000009e0  0001f620  R  X
  SRAM                  20200000   00008000  00000360  00007ca0  RW X
  BCR_CONFIG            41c00000   00000080  00000000  00000080  R   
  BSL_CONFIG            41c00100   00000080  00000000  00000080  R   


SEGMENT ALLOCATION MAP

run origin  load origin   length   init length attrs members
----------  ----------- ---------- ----------- ----- -------
00000000    00000000    000009e0   000009e0    r-x
  00000000    00000000    000000c0   000000c0    r-- .intvecs
  000000c0    000000c0    000008a0   000008a0    r-x .text
  00000960    00000960    00000030   00000030    r-- .rodata
  00000990    00000990    00000050   00000050    r-- .cinit
20200000    20200000    00000160   00000000    rw-
  20200000    20200000    000000fc   00000000    rw- .data
  202000fc    202000fc    00000064   00000000    rw- .bss
20207e00    20207e00    00000200   00000000    rw-
  20207e00    20207e00    00000200   00000000    rw- .stack


SECTION ALLOCATION MAP

 output                                  attributes/
section   page    origin      length       input sections
--------  ----  ----------  ----------   ----------------
.intvecs   0    00000000    000000c0     
                  00000000    000000c0     startup_mspm0g350x_ticlang.o (.intvecs)

.text      0    000000c0    000008a0     
                  000000c0    00000284     libc.a : _printfi.c.obj (.text:__TI_printfi_minimal)
                  00000344    0000009a            : memcpy16.S.obj (.text:memcpy)
                  000003de    00000002     startup_mspm0g350x_ticlang.o (.text.Default_Handler)
                  000003e0    00000098     empty.o (.text.fputs)
                  00000478    0000007c     libc.a : copy_decompress_lzss.c.obj (.text:decompress:lzss)
                  000004f4    00000078     empty.o (.text.main)
                  0000056c    00000070     ti_msp_dl_config.o (.text.SYSCFG_DL_UART_0_init)
                  000005dc    00000062     libc.a : memset16.S.obj (.text:memset)
                  0000063e    00000002     libclang_rt.builtins.a : aeabi_div0.c.obj (.text.__aeabi_idiv0)
                  00000640    0000005c     libc.a : printf.c.obj (.text.printf)
                  0000069c    00000048     driverlib.a : dl_uart.o (.text.DL_UART_init)
                  000006e4    00000040     ti_msp_dl_config.o (.text.SYSCFG_DL_SYSCTL_init)
                  00000724    00000040     libclang_rt.builtins.a : aeabi_uidivmod.S.obj (.text.__aeabi_uidivmod)
                  00000764    0000003c     libc.a : autoinit.c.obj (.text:__TI_auto_init_nobinit_nopinit)
                  000007a0    00000038            : sprintf.c.obj (.text.sprintf)
                  000007d8    00000034     ti_msp_dl_config.o (.text.SYSCFG_DL_initPower)
                  0000080c    00000028     libc.a : boot_cortex_m.c.obj (.text:_c_int00_noargs)
                  00000834    00000022            : memccpy.c.obj (.text.memccpy)
                  00000856    00000002            : _lock.c.obj (.text._nop)
                  00000858    00000020     driverlib.a : dl_uart.o (.text.DL_UART_transmitDataBlocking)
                  00000878    00000018     libc.a : sprintf.c.obj (.text._outs)
                  00000890    00000016            : copy_zero_init.c.obj (.text:decompress:ZI:__TI_zero_init_nomemset)
                  000008a6    00000002     --HOLE-- [fill = 0]
                  000008a8    00000014     ti_msp_dl_config.o (.text.SYSCFG_DL_GPIO_init)
                  000008bc    00000014     ti_msp_dl_config.o (.text.SYSCFG_DL_init)
                  000008d0    00000014     empty.o (.text.fputc)
                  000008e4    00000012     driverlib.a : dl_uart.o (.text.DL_UART_setClockConfig)
                  000008f6    00000012     libc.a : copy_decompress_none.c.obj (.text:decompress:none)
                  00000908    0000000e     libclang_rt.builtins.a : aeabi_memset.S.obj (.text.__aeabi_memset)
                  00000916    0000000e     libc.a : _printfi.c.obj (.text.strlen)
                  00000924    0000000a     driverlib.a : dl_common.o (.text.DL_Common_delayCycles)
                  0000092e    0000000a     libc.a : sprintf.c.obj (.text._outc)
                  00000938    00000008     libclang_rt.builtins.a : aeabi_memcpy.S.obj (.text.__aeabi_memcpy)
                  00000940    00000008     libc.a : printf.c.obj (.text._outc)
                  00000948    00000008            : printf.c.obj (.text._outs)
                  00000950    00000004     startup_mspm0g350x_ticlang.o (.text.Reset_Handler)
                  00000954    00000004     libc.a : pre_init.c.obj (.text._system_pre_init)
                  00000958    00000004            : exit.c.obj (.text:abort)
                  0000095c    00000004     --HOLE-- [fill = 0]

.cinit     0    00000990    00000050     
                  00000990    0000002b     (.cinit..data.load) [load image, compression = lzss]
                  000009bb    00000001     --HOLE-- [fill = 0]
                  000009bc    0000000c     (__TI_handler_table)
                  000009c8    00000008     (.cinit..bss.load) [load image, compression = zero_init]
                  000009d0    00000010     (__TI_cinit_table)

.rodata    0    00000960    00000030     
                  00000960    00000011     libc.a : _printfi.c.obj (.rodata.str1.153638888446227384661)
                  00000971    0000000b     empty.o (.rodata.str1.176633223477948356601)
                  0000097c    0000000a     ti_msp_dl_config.o (.rodata.gUART_0Config)
                  00000986    00000008     empty.o (.rodata.str1.100506750686581518081)
                  0000098e    00000002     ti_msp_dl_config.o (.rodata.gUART_0ClockConfig)

.init_array 
*          0    00000000    00000000     UNINITIALIZED

.binit     0    00000000    00000000     

.data      0    20200000    000000fc     UNINITIALIZED
                  20200000    000000f0     libc.a : defs.c.obj (.data._ftable)
                  202000f0    00000004            : _lock.c.obj (.data._lock)
                  202000f4    00000004            : _lock.c.obj (.data._unlock)
                  202000f8    00000004     empty.o (.data.a)

.bss       0    202000fc    00000064     UNINITIALIZED
                  202000fc    00000064     (.common:txBuff)

.stack     0    20207e00    00000200     UNINITIALIZED
                  20207e00    00000004     libc.a : boot_cortex_m.c.obj (.stack)
                  20207e04    000001fc     --HOLE--

__llvm_prf_cnts 
*          0    20200000    00000000     UNINITIALIZED

__llvm_prf_bits 
*          0    20200000    00000000     UNINITIALIZED

MODULE SUMMARY

       Module                         code   ro data   rw data
       ------                         ----   -------   -------
    .\
       empty.o                        292    19        104    
       ti_msp_dl_config.o             268    12        0      
       startup_mspm0g350x_ticlang.o   6      192       0      
    +--+------------------------------+------+---------+---------+
       Total:                         566    223       104    
                                                              
    C:/ti/mspm0_sdk_2_03_00_07/source/ti/driverlib/lib/ticlang/m0p/mspm0g1x0x_g3x0x/driverlib.a
       dl_uart.o                      122    0         0      
       dl_common.o                    10     0         0      
    +--+------------------------------+------+---------+---------+
       Total:                         132    0         0      
                                                              
    C:\ti\ccstheia151\ccs\tools\compiler\ti-cgt-armllvm_4.0.0.LTS\lib\armv6m-ti-none-eabi/c/libc.a
       _printfi.c.obj                 658    17        0      
       defs.c.obj                     0      0         240    
       memcpy16.S.obj                 154    0         0      
       copy_decompress_lzss.c.obj     124    0         0      
       printf.c.obj                   108    0         0      
       memset16.S.obj                 98     0         0      
       sprintf.c.obj                  90     0         0      
       autoinit.c.obj                 60     0         0      
       boot_cortex_m.c.obj            40     0         0      
       memccpy.c.obj                  34     0         0      
       copy_zero_init.c.obj           22     0         0      
       copy_decompress_none.c.obj     18     0         0      
       _lock.c.obj                    2      0         8      
       exit.c.obj                     4      0         0      
       pre_init.c.obj                 4      0         0      
    +--+------------------------------+------+---------+---------+
       Total:                         1416   17        248    
                                                              
    C:\ti\ccstheia151\ccs\tools\compiler\ti-cgt-armllvm_4.0.0.LTS\lib\armv6m-ti-none-eabi/libclang_rt.builtins.a
       aeabi_uidivmod.S.obj           64     0         0      
       aeabi_memset.S.obj             14     0         0      
       aeabi_memcpy.S.obj             8      0         0      
       aeabi_div0.c.obj               2      0         0      
    +--+------------------------------+------+---------+---------+
       Total:                         88     0         0      
                                                              
       Stack:                         0      0         512    
       Linker Generated:              0      79        0      
    +--+------------------------------+------+---------+---------+
       Grand Total:                   2202   319       864    


LINKER GENERATED COPY TABLES

__TI_cinit_table @ 000009d0 records: 2, size/record: 8, table size: 16
	.data: load addr=00000990, load size=0000002b bytes, run addr=20200000, run size=000000fc bytes, compression=lzss
	.bss: load addr=000009c8, load size=00000008 bytes, run addr=202000fc, run size=00000064 bytes, compression=zero_init


LINKER GENERATED HANDLER TABLE

__TI_handler_table @ 000009bc records: 3, size/record: 4, table size: 12
	index: 0, handler: __TI_decompress_lzss
	index: 1, handler: __TI_decompress_none
	index: 2, handler: __TI_zero_init


GLOBAL SYMBOLS: SORTED ALPHABETICALLY BY Name 

address   name                          
-------   ----                          
000003df  ADC0_IRQHandler               
000003df  ADC1_IRQHandler               
000003df  AES_IRQHandler                
00000958  C$$EXIT                       
000003df  CANFD0_IRQHandler             
000003df  DAC0_IRQHandler               
00000925  DL_Common_delayCycles         
0000069d  DL_UART_init                  
000008e5  DL_UART_setClockConfig        
00000859  DL_UART_transmitDataBlocking  
000003df  DMA_IRQHandler                
000003df  Default_Handler               
000003df  GROUP0_IRQHandler             
000003df  GROUP1_IRQHandler             
000003df  HardFault_Handler             
000003df  I2C0_IRQHandler               
000003df  I2C1_IRQHandler               
000003df  NMI_Handler                   
000003df  PendSV_Handler                
000003df  RTC_IRQHandler                
00000951  Reset_Handler                 
000003df  SPI0_IRQHandler               
000003df  SPI1_IRQHandler               
000003df  SVC_Handler                   
000008a9  SYSCFG_DL_GPIO_init           
000006e5  SYSCFG_DL_SYSCTL_init         
0000056d  SYSCFG_DL_UART_0_init         
000008bd  SYSCFG_DL_init                
000007d9  SYSCFG_DL_initPower           
000003df  SysTick_Handler               
000003df  TIMA0_IRQHandler              
000003df  TIMA1_IRQHandler              
000003df  TIMG0_IRQHandler              
000003df  TIMG12_IRQHandler             
000003df  TIMG6_IRQHandler              
000003df  TIMG7_IRQHandler              
000003df  TIMG8_IRQHandler              
000003df  UART0_IRQHandler              
000003df  UART1_IRQHandler              
000003df  UART2_IRQHandler              
000003df  UART3_IRQHandler              
20208000  __STACK_END                   
00000200  __STACK_SIZE                  
00000000  __TI_ATRegion0_region_sz      
00000000  __TI_ATRegion0_src_addr       
00000000  __TI_ATRegion0_trg_addr       
00000000  __TI_ATRegion1_region_sz      
00000000  __TI_ATRegion1_src_addr       
00000000  __TI_ATRegion1_trg_addr       
00000000  __TI_ATRegion2_region_sz      
00000000  __TI_ATRegion2_src_addr       
00000000  __TI_ATRegion2_trg_addr       
000009d0  __TI_CINIT_Base               
000009e0  __TI_CINIT_Limit              
000009e0  __TI_CINIT_Warm               
000009bc  __TI_Handler_Table_Base       
000009c8  __TI_Handler_Table_Limit      
00000765  __TI_auto_init_nobinit_nopinit
00000479  __TI_decompress_lzss          
000008f7  __TI_decompress_none          
ffffffff  __TI_pprof_out_hndl           
000000c1  __TI_printfi_minimal          
ffffffff  __TI_prof_data_size           
ffffffff  __TI_prof_data_start          
00000000  __TI_static_base__            
00000891  __TI_zero_init_nomemset       
0000063f  __aeabi_idiv0                 
00000939  __aeabi_memcpy                
00000939  __aeabi_memcpy4               
00000939  __aeabi_memcpy8               
00000909  __aeabi_memset                
00000909  __aeabi_memset4               
00000909  __aeabi_memset8               
00000725  __aeabi_uidiv                 
00000725  __aeabi_uidivmod              
ffffffff  __binit__                     
UNDEFED   __mpu_init                    
20207e00  __stack                       
20200000  __start___llvm_prf_bits       
20200000  __start___llvm_prf_cnts       
20200000  __stop___llvm_prf_bits        
20200000  __stop___llvm_prf_cnts        
0000080d  _c_int00_noargs               
20200000  _ftable                       
202000f0  _lock                         
00000857  _nop                          
UNDEFED   _system_post_cinit            
00000955  _system_pre_init              
202000f4  _unlock                       
202000f8  a                             
00000959  abort                         
ffffffff  binit                         
000008d1  fputc                         
000003e1  fputs                         
00000000  interruptVectors              
000004f5  main                          
00000835  memccpy                       
00000345  memcpy                        
000005dd  memset                        
00000641  printf                        
000007a1  sprintf                       
202000fc  txBuff                        


GLOBAL SYMBOLS: SORTED BY Symbol Address 

address   name                          
-------   ----                          
00000000  __TI_ATRegion0_region_sz      
00000000  __TI_ATRegion0_src_addr       
00000000  __TI_ATRegion0_trg_addr       
00000000  __TI_ATRegion1_region_sz      
00000000  __TI_ATRegion1_src_addr       
00000000  __TI_ATRegion1_trg_addr       
00000000  __TI_ATRegion2_region_sz      
00000000  __TI_ATRegion2_src_addr       
00000000  __TI_ATRegion2_trg_addr       
00000000  __TI_static_base__            
00000000  interruptVectors              
000000c1  __TI_printfi_minimal          
00000200  __STACK_SIZE                  
00000345  memcpy                        
000003df  ADC0_IRQHandler               
000003df  ADC1_IRQHandler               
000003df  AES_IRQHandler                
000003df  CANFD0_IRQHandler             
000003df  DAC0_IRQHandler               
000003df  DMA_IRQHandler                
000003df  Default_Handler               
000003df  GROUP0_IRQHandler             
000003df  GROUP1_IRQHandler             
000003df  HardFault_Handler             
000003df  I2C0_IRQHandler               
000003df  I2C1_IRQHandler               
000003df  NMI_Handler                   
000003df  PendSV_Handler                
000003df  RTC_IRQHandler                
000003df  SPI0_IRQHandler               
000003df  SPI1_IRQHandler               
000003df  SVC_Handler                   
000003df  SysTick_Handler               
000003df  TIMA0_IRQHandler              
000003df  TIMA1_IRQHandler              
000003df  TIMG0_IRQHandler              
000003df  TIMG12_IRQHandler             
000003df  TIMG6_IRQHandler              
000003df  TIMG7_IRQHandler              
000003df  TIMG8_IRQHandler              
000003df  UART0_IRQHandler              
000003df  UART1_IRQHandler              
000003df  UART2_IRQHandler              
000003df  UART3_IRQHandler              
000003e1  fputs                         
00000479  __TI_decompress_lzss          
000004f5  main                          
0000056d  SYSCFG_DL_UART_0_init         
000005dd  memset                        
0000063f  __aeabi_idiv0                 
00000641  printf                        
0000069d  DL_UART_init                  
000006e5  SYSCFG_DL_SYSCTL_init         
00000725  __aeabi_uidiv                 
00000725  __aeabi_uidivmod              
00000765  __TI_auto_init_nobinit_nopinit
000007a1  sprintf                       
000007d9  SYSCFG_DL_initPower           
0000080d  _c_int00_noargs               
00000835  memccpy                       
00000857  _nop                          
00000859  DL_UART_transmitDataBlocking  
00000891  __TI_zero_init_nomemset       
000008a9  SYSCFG_DL_GPIO_init           
000008bd  SYSCFG_DL_init                
000008d1  fputc                         
000008e5  DL_UART_setClockConfig        
000008f7  __TI_decompress_none          
00000909  __aeabi_memset                
00000909  __aeabi_memset4               
00000909  __aeabi_memset8               
00000925  DL_Common_delayCycles         
00000939  __aeabi_memcpy                
00000939  __aeabi_memcpy4               
00000939  __aeabi_memcpy8               
00000951  Reset_Handler                 
00000955  _system_pre_init              
00000958  C$$EXIT                       
00000959  abort                         
000009bc  __TI_Handler_Table_Base       
000009c8  __TI_Handler_Table_Limit      
000009d0  __TI_CINIT_Base               
000009e0  __TI_CINIT_Limit              
000009e0  __TI_CINIT_Warm               
20200000  __start___llvm_prf_bits       
20200000  __start___llvm_prf_cnts       
20200000  __stop___llvm_prf_bits        
20200000  __stop___llvm_prf_cnts        
20200000  _ftable                       
202000f0  _lock                         
202000f4  _unlock                       
202000f8  a                             
202000fc  txBuff                        
20207e00  __stack                       
20208000  __STACK_END                   
ffffffff  __TI_pprof_out_hndl           
ffffffff  __TI_prof_data_size           
ffffffff  __TI_prof_data_start          
ffffffff  __binit__                     
ffffffff  binit                         
UNDEFED   __mpu_init                    
UNDEFED   _system_post_cinit            

[102 symbols]
