******************************************************************************
            TI ARM Clang Linker PC v4.0.0                      
******************************************************************************
>> Linked Tue Feb 11 21:24:46 2025

OUTPUT FILE NAME:   <empty_LP_MSPM0G3507_nortos_ticlang.out>
ENTRY POINT SYMBOL: "_c_int00_noargs"  address: 000009a9


MEMORY CONFIGURATION

         name            origin    length      used     unused   attr    fill
----------------------  --------  ---------  --------  --------  ----  --------
  FLASH                 00000000   00020000  00001268  0001ed98  R  X
  SRAM                  20200000   00008000  0000021c  00007de4  RW X
  BCR_CONFIG            41c00000   00000080  00000000  00000080  R   
  BSL_CONFIG            41c00100   00000080  00000000  00000080  R   


SEGMENT ALLOCATION MAP

run origin  load origin   length   init length attrs members
----------  ----------- ---------- ----------- ----- -------
00000000    00000000    00001268   00001268    r-x
  00000000    00000000    000000c0   000000c0    r-- .intvecs
  000000c0    000000c0    00000968   00000968    r-x .text
  00000a28    00000a28    00000808   00000808    r-- .rodata
  00001230    00001230    00000038   00000038    r-- .cinit
20200000    20200000    0000001c   00000000    rw-
  20200000    20200000    00000010   00000000    rw- .bss
  20200010    20200010    0000000c   00000000    rw- .data
20207e00    20207e00    00000200   00000000    rw-
  20207e00    20207e00    00000200   00000000    rw- .stack


SECTION ALLOCATION MAP

 output                                  attributes/
section   page    origin      length       input sections
--------  ----  ----------  ----------   ----------------
.intvecs   0    00000000    000000c0     
                  00000000    000000c0     startup_mspm0g350x_ticlang.o (.intvecs)

.text      0    000000c0    00000968     
                  000000c0    00000238     empty.o (.text.main)
                  000002f8    000000d8     libclang_rt.builtins.a : addsf3.S.obj (.text)
                  000003d0    000000b0     arm_cortexM0l_math.a : arm_cos_f32.o (.text.arm_cos_f32)
                  00000480    0000009a     libc.a : memcpy16.S.obj (.text:memcpy)
                  0000051a    00000002     startup_mspm0g350x_ticlang.o (.text.Default_Handler)
                  0000051c    0000008c     libclang_rt.builtins.a : mulsf3.S.obj (.text.__mulsf3)
                  000005a8    00000082                            : divsf3.S.obj (.text.__divsf3)
                  0000062a    00000002     ti_msp_dl_config.o (.text.SYSCFG_DL_GPIO_init)
                  0000062c    0000007c     libc.a : copy_decompress_lzss.c.obj (.text:decompress:lzss)
                  000006a8    00000062     libclang_rt.builtins.a : aeabi_fcmp.S.obj (.text.__aeabi_fcmp)
                  0000070a    00000002     libc.a : _lock.c.obj (.text._nop)
                  0000070c    00000040     ti_msp_dl_config.o (.text.SYSCFG_DL_SYSCTL_init)
                  0000074c    0000003c     libclang_rt.builtins.a : floatsisf.S.obj (.text.__floatsisf)
                  00000788    0000003c                            : comparesf2.S.obj (.text.__gtsf2)
                  000007c4    0000003c     libc.a : autoinit.c.obj (.text:__TI_auto_init_nobinit_nopinit)
                  00000800    0000003a     libclang_rt.builtins.a : comparesf2.S.obj (.text.__eqsf2)
                  0000083a    00000002     --HOLE-- [fill = 0]
                  0000083c    0000003a                            : muldsi3.S.obj (.text.__muldsi3)
                  00000876    00000002     --HOLE-- [fill = 0]
                  00000878    00000038     ti_msp_dl_config.o (.text.SYSCFG_DL_initPower)
                  000008b0    00000038     libclang_rt.builtins.a : fixsfsi.S.obj (.text.__fixsfsi)
                  000008e8    00000038     libc.a : rand.c.obj (.text.rand)
                  00000920    00000030     iqmath.a : _IQNsin_cos.o (.text._IQ24sin)
                  00000950    00000030              : _IQNtoF.o (.text._IQ24toF)
                  00000980    00000028     libclang_rt.builtins.a : floatunsisf.S.obj (.text.__floatunsisf)
                  000009a8    00000028     libc.a : boot_cortex_m.c.obj (.text:_c_int00_noargs)
                  000009d0    00000016            : copy_zero_init.c.obj (.text:decompress:ZI:__TI_zero_init_nomemset)
                  000009e6    00000012            : copy_decompress_none.c.obj (.text:decompress:none)
                  000009f8    00000010     ti_msp_dl_config.o (.text.SYSCFG_DL_init)
                  00000a08    0000000a     driverlib.a : dl_common.o (.text.DL_Common_delayCycles)
                  00000a12    00000002     --HOLE-- [fill = 0]
                  00000a14    00000008     libclang_rt.builtins.a : aeabi_memcpy.S.obj (.text.__aeabi_memcpy)
                  00000a1c    00000004     startup_mspm0g350x_ticlang.o (.text.Reset_Handler)
                  00000a20    00000004     libc.a : pre_init.c.obj (.text._system_pre_init)
                  00000a24    00000004            : exit.c.obj (.text:abort)

.cinit     0    00001230    00000038     
                  00001230    0000000f     (.cinit..data.load) [load image, compression = lzss]
                  0000123f    00000001     --HOLE-- [fill = 0]
                  00001240    0000000c     (__TI_handler_table)
                  0000124c    00000008     (.cinit..bss.load) [load image, compression = zero_init]
                  00001254    00000010     (__TI_cinit_table)
                  00001264    00000004     --HOLE-- [fill = 0]

.rodata    0    00000a28    00000808     
                  00000a28    00000804     arm_cortexM0l_math.a : arm_common_tables.o (.rodata.sinTable_f32)
                  0000122c    00000004     --HOLE-- [fill = 0]

.init_array 
*          0    00000000    00000000     UNINITIALIZED

.binit     0    00000000    00000000     

.bss       0    20200000    00000010     UNINITIALIZED
                  20200000    00000004     (.common:angle)
                  20200004    00000004     (.common:ans)
                  20200008    00000004     (.common:qa)
                  2020000c    00000004     (.common:qc)

.data      0    20200010    0000000c     UNINITIALIZED
                  20200010    00000004     libc.a : _lock.c.obj (.data._lock)
                  20200014    00000004            : _lock.c.obj (.data._unlock)
                  20200018    00000004            : rand.c.obj (.data.next)

.stack     0    20207e00    00000200     UNINITIALIZED
                  20207e00    00000004     libc.a : boot_cortex_m.c.obj (.stack)
                  20207e04    000001fc     --HOLE--

__llvm_prf_cnts 
*          0    20200000    00000000     UNINITIALIZED

__llvm_prf_bits 
*          0    20200000    00000000     UNINITIALIZED

MODULE SUMMARY

       Module                         code   ro data   rw data
       ------                         ----   -------   -------
    .\
       empty.o                        568    0         16     
       startup_mspm0g350x_ticlang.o   6      192       0      
       ti_msp_dl_config.o             138    0         0      
    +--+------------------------------+------+---------+---------+
       Total:                         712    192       16     
                                                              
    C:/ti/mspm0_sdk_2_03_00_07/source/third_party/CMSIS/DSP/lib/ticlang/m0p/arm_cortexM0l_math.a
       arm_common_tables.o            0      2052      0      
       arm_cos_f32.o                  176    0         0      
    +--+------------------------------+------+---------+---------+
       Total:                         176    2052      0      
                                                              
    C:/ti/mspm0_sdk_2_03_00_07/source/ti/driverlib/lib/ticlang/m0p/mspm0g1x0x_g3x0x/driverlib.a
       dl_common.o                    10     0         0      
    +--+------------------------------+------+---------+---------+
       Total:                         10     0         0      
                                                              
    C:/ti/mspm0_sdk_2_03_00_07/source/ti/iqmath/lib/ticlang/m0p/mathacl/mspm0g1x0x_g3x0x/iqmath.a
       _IQNsin_cos.o                  48     0         0      
       _IQNtoF.o                      48     0         0      
    +--+------------------------------+------+---------+---------+
       Total:                         96     0         0      
                                                              
    C:\ti\ccstheia151\ccs\tools\compiler\ti-cgt-armllvm_4.0.0.LTS\lib\armv6m-ti-none-eabi/c/libc.a
       memcpy16.S.obj                 154    0         0      
       copy_decompress_lzss.c.obj     124    0         0      
       autoinit.c.obj                 60     0         0      
       rand.c.obj                     56     0         4      
       boot_cortex_m.c.obj            40     0         0      
       copy_zero_init.c.obj           22     0         0      
       copy_decompress_none.c.obj     18     0         0      
       _lock.c.obj                    2      0         8      
       exit.c.obj                     4      0         0      
       pre_init.c.obj                 4      0         0      
    +--+------------------------------+------+---------+---------+
       Total:                         484    0         12     
                                                              
    C:\ti\ccstheia151\ccs\tools\compiler\ti-cgt-armllvm_4.0.0.LTS\lib\armv6m-ti-none-eabi/libclang_rt.builtins.a
       addsf3.S.obj                   216    0         0      
       mulsf3.S.obj                   140    0         0      
       divsf3.S.obj                   130    0         0      
       comparesf2.S.obj               118    0         0      
       aeabi_fcmp.S.obj               98     0         0      
       floatsisf.S.obj                60     0         0      
       muldsi3.S.obj                  58     0         0      
       fixsfsi.S.obj                  56     0         0      
       floatunsisf.S.obj              40     0         0      
       aeabi_memcpy.S.obj             8      0         0      
    +--+------------------------------+------+---------+---------+
       Total:                         924    0         0      
                                                              
       Stack:                         0      0         512    
       Linker Generated:              0      51        0      
    +--+------------------------------+------+---------+---------+
       Grand Total:                   2402   2295      540    


LINKER GENERATED COPY TABLES

__TI_cinit_table @ 00001254 records: 2, size/record: 8, table size: 16
	.data: load addr=00001230, load size=0000000f bytes, run addr=20200010, run size=0000000c bytes, compression=lzss
	.bss: load addr=0000124c, load size=00000008 bytes, run addr=20200000, run size=00000010 bytes, compression=zero_init


LINKER GENERATED HANDLER TABLE

__TI_handler_table @ 00001240 records: 3, size/record: 4, table size: 12
	index: 0, handler: __TI_decompress_lzss
	index: 1, handler: __TI_decompress_none
	index: 2, handler: __TI_zero_init


GLOBAL SYMBOLS: SORTED ALPHABETICALLY BY Name 

address   name                          
-------   ----                          
0000051b  ADC0_IRQHandler               
0000051b  ADC1_IRQHandler               
0000051b  AES_IRQHandler                
00000a24  C$$EXIT                       
0000051b  CANFD0_IRQHandler             
0000051b  DAC0_IRQHandler               
00000a09  DL_Common_delayCycles         
0000051b  DMA_IRQHandler                
0000051b  Default_Handler               
0000051b  GROUP0_IRQHandler             
0000051b  GROUP1_IRQHandler             
0000051b  HardFault_Handler             
0000051b  I2C0_IRQHandler               
0000051b  I2C1_IRQHandler               
0000051b  NMI_Handler                   
0000051b  PendSV_Handler                
0000051b  RTC_IRQHandler                
00000a1d  Reset_Handler                 
0000051b  SPI0_IRQHandler               
0000051b  SPI1_IRQHandler               
0000051b  SVC_Handler                   
0000062b  SYSCFG_DL_GPIO_init           
0000070d  SYSCFG_DL_SYSCTL_init         
000009f9  SYSCFG_DL_init                
00000879  SYSCFG_DL_initPower           
0000051b  SysTick_Handler               
0000051b  TIMA0_IRQHandler              
0000051b  TIMA1_IRQHandler              
0000051b  TIMG0_IRQHandler              
0000051b  TIMG12_IRQHandler             
0000051b  TIMG6_IRQHandler              
0000051b  TIMG7_IRQHandler              
0000051b  TIMG8_IRQHandler              
0000051b  UART0_IRQHandler              
0000051b  UART1_IRQHandler              
0000051b  UART2_IRQHandler              
0000051b  UART3_IRQHandler              
00000921  _IQ24sin                      
00000951  _IQ24toF                      
20208000  __STACK_END                   
00000200  __STACK_SIZE                  
00000000  __TI_ATRegion0_region_sz      
00000000  __TI_ATRegion0_src_addr       
00000000  __TI_ATRegion0_trg_addr       
00000000  __TI_ATRegion1_region_sz      
00000000  __TI_ATRegion1_src_addr       
00000000  __TI_ATRegion1_trg_addr       
00000000  __TI_ATRegion2_region_sz      
00000000  __TI_ATRegion2_src_addr       
00000000  __TI_ATRegion2_trg_addr       
00001254  __TI_CINIT_Base               
00001264  __TI_CINIT_Limit              
00001264  __TI_CINIT_Warm               
00001240  __TI_Handler_Table_Base       
0000124c  __TI_Handler_Table_Limit      
000007c5  __TI_auto_init_nobinit_nopinit
0000062d  __TI_decompress_lzss          
000009e7  __TI_decompress_none          
ffffffff  __TI_pprof_out_hndl           
ffffffff  __TI_prof_data_size           
ffffffff  __TI_prof_data_start          
00000000  __TI_static_base__            
000009d1  __TI_zero_init_nomemset       
00000303  __addsf3                      
000008b1  __aeabi_f2iz                  
00000303  __aeabi_fadd                  
000006a9  __aeabi_fcmpeq                
000006e5  __aeabi_fcmpge                
000006f9  __aeabi_fcmpgt                
000006d1  __aeabi_fcmple                
000006bd  __aeabi_fcmplt                
000005a9  __aeabi_fdiv                  
0000051d  __aeabi_fmul                  
000002f9  __aeabi_fsub                  
0000074d  __aeabi_i2f                   
00000a15  __aeabi_memcpy                
00000a15  __aeabi_memcpy4               
00000a15  __aeabi_memcpy8               
00000981  __aeabi_ui2f                  
ffffffff  __binit__                     
00000801  __cmpsf2                      
000005a9  __divsf3                      
00000801  __eqsf2                       
000008b1  __fixsfsi                     
0000074d  __floatsisf                   
00000981  __floatunsisf                 
00000789  __gesf2                       
00000789  __gtsf2                       
00000801  __lesf2                       
00000801  __ltsf2                       
UNDEFED   __mpu_init                    
0000083d  __muldsi3                     
0000051d  __mulsf3                      
00000801  __nesf2                       
20207e00  __stack                       
20200000  __start___llvm_prf_bits       
20200000  __start___llvm_prf_cnts       
20200000  __stop___llvm_prf_bits        
20200000  __stop___llvm_prf_cnts        
000002f9  __subsf3                      
000009a9  _c_int00_noargs               
20200010  _lock                         
0000070b  _nop                          
UNDEFED   _system_post_cinit            
00000a21  _system_pre_init              
20200014  _unlock                       
00000a25  abort                         
20200000  angle                         
20200004  ans                           
000003d1  arm_cos_f32                   
ffffffff  binit                         
00000000  interruptVectors              
000000c1  main                          
00000481  memcpy                        
20200008  qa                            
2020000c  qc                            
000008e9  rand                          
00000a28  sinTable_f32                  


GLOBAL SYMBOLS: SORTED BY Symbol Address 

address   name                          
-------   ----                          
00000000  __TI_ATRegion0_region_sz      
00000000  __TI_ATRegion0_src_addr       
00000000  __TI_ATRegion0_trg_addr       
00000000  __TI_ATRegion1_region_sz      
00000000  __TI_ATRegion1_src_addr       
00000000  __TI_ATRegion1_trg_addr       
00000000  __TI_ATRegion2_region_sz      
00000000  __TI_ATRegion2_src_addr       
00000000  __TI_ATRegion2_trg_addr       
00000000  __TI_static_base__            
00000000  interruptVectors              
000000c1  main                          
00000200  __STACK_SIZE                  
000002f9  __aeabi_fsub                  
000002f9  __subsf3                      
00000303  __addsf3                      
00000303  __aeabi_fadd                  
000003d1  arm_cos_f32                   
00000481  memcpy                        
0000051b  ADC0_IRQHandler               
0000051b  ADC1_IRQHandler               
0000051b  AES_IRQHandler                
0000051b  CANFD0_IRQHandler             
0000051b  DAC0_IRQHandler               
0000051b  DMA_IRQHandler                
0000051b  Default_Handler               
0000051b  GROUP0_IRQHandler             
0000051b  GROUP1_IRQHandler             
0000051b  HardFault_Handler             
0000051b  I2C0_IRQHandler               
0000051b  I2C1_IRQHandler               
0000051b  NMI_Handler                   
0000051b  PendSV_Handler                
0000051b  RTC_IRQHandler                
0000051b  SPI0_IRQHandler               
0000051b  SPI1_IRQHandler               
0000051b  SVC_Handler                   
0000051b  SysTick_Handler               
0000051b  TIMA0_IRQHandler              
0000051b  TIMA1_IRQHandler              
0000051b  TIMG0_IRQHandler              
0000051b  TIMG12_IRQHandler             
0000051b  TIMG6_IRQHandler              
0000051b  TIMG7_IRQHandler              
0000051b  TIMG8_IRQHandler              
0000051b  UART0_IRQHandler              
0000051b  UART1_IRQHandler              
0000051b  UART2_IRQHandler              
0000051b  UART3_IRQHandler              
0000051d  __aeabi_fmul                  
0000051d  __mulsf3                      
000005a9  __aeabi_fdiv                  
000005a9  __divsf3                      
0000062b  SYSCFG_DL_GPIO_init           
0000062d  __TI_decompress_lzss          
000006a9  __aeabi_fcmpeq                
000006bd  __aeabi_fcmplt                
000006d1  __aeabi_fcmple                
000006e5  __aeabi_fcmpge                
000006f9  __aeabi_fcmpgt                
0000070b  _nop                          
0000070d  SYSCFG_DL_SYSCTL_init         
0000074d  __aeabi_i2f                   
0000074d  __floatsisf                   
00000789  __gesf2                       
00000789  __gtsf2                       
000007c5  __TI_auto_init_nobinit_nopinit
00000801  __cmpsf2                      
00000801  __eqsf2                       
00000801  __lesf2                       
00000801  __ltsf2                       
00000801  __nesf2                       
0000083d  __muldsi3                     
00000879  SYSCFG_DL_initPower           
000008b1  __aeabi_f2iz                  
000008b1  __fixsfsi                     
000008e9  rand                          
00000921  _IQ24sin                      
00000951  _IQ24toF                      
00000981  __aeabi_ui2f                  
00000981  __floatunsisf                 
000009a9  _c_int00_noargs               
000009d1  __TI_zero_init_nomemset       
000009e7  __TI_decompress_none          
000009f9  SYSCFG_DL_init                
00000a09  DL_Common_delayCycles         
00000a15  __aeabi_memcpy                
00000a15  __aeabi_memcpy4               
00000a15  __aeabi_memcpy8               
00000a1d  Reset_Handler                 
00000a21  _system_pre_init              
00000a24  C$$EXIT                       
00000a25  abort                         
00000a28  sinTable_f32                  
00001240  __TI_Handler_Table_Base       
0000124c  __TI_Handler_Table_Limit      
00001254  __TI_CINIT_Base               
00001264  __TI_CINIT_Limit              
00001264  __TI_CINIT_Warm               
20200000  __start___llvm_prf_bits       
20200000  __start___llvm_prf_cnts       
20200000  __stop___llvm_prf_bits        
20200000  __stop___llvm_prf_cnts        
20200000  angle                         
20200004  ans                           
20200008  qa                            
2020000c  qc                            
20200010  _lock                         
20200014  _unlock                       
20207e00  __stack                       
20208000  __STACK_END                   
ffffffff  __TI_pprof_out_hndl           
ffffffff  __TI_prof_data_size           
ffffffff  __TI_prof_data_start          
ffffffff  __binit__                     
ffffffff  binit                         
UNDEFED   __mpu_init                    
UNDEFED   _system_post_cinit            

[118 symbols]
