******************************************************************************
            TI ARM Clang Linker PC v4.0.0                      
******************************************************************************
>> Linked Fri Jan 17 20:51:48 2025

OUTPUT FILE NAME:   <empty_LP_MSPM0G3507_nortos_ticlang.out>
ENTRY POINT SYMBOL: "_c_int00_noargs"  address: 00000371


MEMORY CONFIGURATION

         name            origin    length      used     unused   attr    fill
----------------------  --------  ---------  --------  --------  ----  --------
  FLASH                 00000000   00020000  00000458  0001fba8  R  X
  SRAM                  20200000   00008000  00000201  00007dff  RW X
  BCR_CONFIG            41c00000   00000080  00000000  00000080  R   
  BSL_CONFIG            41c00100   00000080  00000000  00000080  R   


SEGMENT ALLOCATION MAP

run origin  load origin   length   init length attrs members
----------  ----------- ---------- ----------- ----- -------
00000000    00000000    00000458   00000458    r-x
  00000000    00000000    000000c0   000000c0    r-- .intvecs
  000000c0    000000c0    00000370   00000370    r-x .text
  00000430    00000430    00000010   00000010    r-- .rodata
  00000440    00000440    00000018   00000018    r-- .cinit
20200000    20200000    00000001   00000000    rw-
  20200000    20200000    00000001   00000000    rw- .data
20207e00    20207e00    00000200   00000000    rw-
  20207e00    20207e00    00000200   00000000    rw- .stack


SECTION ALLOCATION MAP

 output                                  attributes/
section   page    origin      length       input sections
--------  ----  ----------  ----------   ----------------
.intvecs   0    00000000    000000c0     
                  00000000    000000c0     startup_mspm0g350x_ticlang.o (.intvecs)

.text      0    000000c0    00000370     
                  000000c0    0000009a     libc.a : memcpy16.S.obj (.text:memcpy)
                  0000015a    00000002     startup_mspm0g350x_ticlang.o (.text.Default_Handler)
                  0000015c    0000007c     libc.a : copy_decompress_lzss.c.obj (.text:decompress:lzss)
                  000001d8    00000070     ti_msp_dl_config.o (.text.SYSCFG_DL_UART_0_init)
                  00000248    00000048     driverlib.a : dl_uart.o (.text.DL_UART_init)
                  00000290    00000040     ti_msp_dl_config.o (.text.SYSCFG_DL_SYSCTL_init)
                  000002d0    0000003c     libc.a : autoinit.c.obj (.text:__TI_auto_init_nobinit_nopinit)
                  0000030c    00000034     ti_msp_dl_config.o (.text.SYSCFG_DL_initPower)
                  00000340    00000030     empty.o (.text.UART0_IRQHandler)
                  00000370    00000028     libc.a : boot_cortex_m.c.obj (.text:_c_int00_noargs)
                  00000398    00000024     ti_msp_dl_config.o (.text.SYSCFG_DL_GPIO_init)
                  000003bc    0000001c     empty.o (.text.main)
                  000003d8    00000014     ti_msp_dl_config.o (.text.SYSCFG_DL_init)
                  000003ec    00000012     driverlib.a : dl_uart.o (.text.DL_UART_setClockConfig)
                  000003fe    00000012     libc.a : copy_decompress_none.c.obj (.text:decompress:none)
                  00000410    0000000a     driverlib.a : dl_common.o (.text.DL_Common_delayCycles)
                  0000041a    00000002     --HOLE-- [fill = 0]
                  0000041c    00000008     libclang_rt.builtins.a : aeabi_memcpy.S.obj (.text.__aeabi_memcpy)
                  00000424    00000004     startup_mspm0g350x_ticlang.o (.text.Reset_Handler)
                  00000428    00000004     libc.a : pre_init.c.obj (.text._system_pre_init)
                  0000042c    00000004            : exit.c.obj (.text:abort)

.cinit     0    00000440    00000018     
                  00000440    00000008     (__TI_handler_table)
                  00000448    00000005     (.cinit..data.load) [load image, compression = lzss]
                  0000044d    00000003     --HOLE-- [fill = 0]
                  00000450    00000008     (__TI_cinit_table)

.rodata    0    00000430    00000010     
                  00000430    0000000a     ti_msp_dl_config.o (.rodata.gUART_0Config)
                  0000043a    00000002     ti_msp_dl_config.o (.rodata.gUART_0ClockConfig)
                  0000043c    00000004     --HOLE-- [fill = 0]

.init_array 
*          0    00000000    00000000     UNINITIALIZED

.binit     0    00000000    00000000     

.data      0    20200000    00000001     UNINITIALIZED
                  20200000    00000001     empty.o (.data.gEchoData)

.stack     0    20207e00    00000200     UNINITIALIZED
                  20207e00    00000004     libc.a : boot_cortex_m.c.obj (.stack)
                  20207e04    000001fc     --HOLE--

__llvm_prf_cnts 
*          0    20200000    00000000     UNINITIALIZED

__llvm_prf_bits 
*          0    20200000    00000000     UNINITIALIZED

MODULE SUMMARY

       Module                         code   ro data   rw data
       ------                         ----   -------   -------
    .\
       ti_msp_dl_config.o             284    12        0      
       startup_mspm0g350x_ticlang.o   6      192       0      
       empty.o                        76     0         1      
    +--+------------------------------+------+---------+---------+
       Total:                         366    204       1      
                                                              
    C:/ti/mspm0_sdk_2_03_00_07/source/ti/driverlib/lib/ticlang/m0p/mspm0g1x0x_g3x0x/driverlib.a
       dl_uart.o                      90     0         0      
       dl_common.o                    10     0         0      
    +--+------------------------------+------+---------+---------+
       Total:                         100    0         0      
                                                              
    C:\ti\ccstheia151\ccs\tools\compiler\ti-cgt-armllvm_4.0.0.LTS\lib\armv6m-ti-none-eabi/c/libc.a
       memcpy16.S.obj                 154    0         0      
       copy_decompress_lzss.c.obj     124    0         0      
       autoinit.c.obj                 60     0         0      
       boot_cortex_m.c.obj            40     0         0      
       copy_decompress_none.c.obj     18     0         0      
       exit.c.obj                     4      0         0      
       pre_init.c.obj                 4      0         0      
    +--+------------------------------+------+---------+---------+
       Total:                         404    0         0      
                                                              
    C:\ti\ccstheia151\ccs\tools\compiler\ti-cgt-armllvm_4.0.0.LTS\lib\armv6m-ti-none-eabi/libclang_rt.builtins.a
       aeabi_memcpy.S.obj             8      0         0      
    +--+------------------------------+------+---------+---------+
       Total:                         8      0         0      
                                                              
       Stack:                         0      0         512    
       Linker Generated:              0      21        0      
    +--+------------------------------+------+---------+---------+
       Grand Total:                   878    225       513    


LINKER GENERATED COPY TABLES

__TI_cinit_table @ 00000450 records: 1, size/record: 8, table size: 8
	.data: load addr=00000448, load size=00000005 bytes, run addr=20200000, run size=00000001 bytes, compression=lzss


LINKER GENERATED HANDLER TABLE

__TI_handler_table @ 00000440 records: 2, size/record: 4, table size: 8
	index: 0, handler: __TI_decompress_lzss
	index: 1, handler: __TI_decompress_none


GLOBAL SYMBOLS: SORTED ALPHABETICALLY BY Name 

address   name                          
-------   ----                          
0000015b  ADC0_IRQHandler               
0000015b  ADC1_IRQHandler               
0000015b  AES_IRQHandler                
0000042c  C$$EXIT                       
0000015b  CANFD0_IRQHandler             
0000015b  DAC0_IRQHandler               
00000411  DL_Common_delayCycles         
00000249  DL_UART_init                  
000003ed  DL_UART_setClockConfig        
0000015b  DMA_IRQHandler                
0000015b  Default_Handler               
0000015b  GROUP0_IRQHandler             
0000015b  GROUP1_IRQHandler             
0000015b  HardFault_Handler             
0000015b  I2C0_IRQHandler               
0000015b  I2C1_IRQHandler               
0000015b  NMI_Handler                   
0000015b  PendSV_Handler                
0000015b  RTC_IRQHandler                
00000425  Reset_Handler                 
0000015b  SPI0_IRQHandler               
0000015b  SPI1_IRQHandler               
0000015b  SVC_Handler                   
00000399  SYSCFG_DL_GPIO_init           
00000291  SYSCFG_DL_SYSCTL_init         
000001d9  SYSCFG_DL_UART_0_init         
000003d9  SYSCFG_DL_init                
0000030d  SYSCFG_DL_initPower           
0000015b  SysTick_Handler               
0000015b  TIMA0_IRQHandler              
0000015b  TIMA1_IRQHandler              
0000015b  TIMG0_IRQHandler              
0000015b  TIMG12_IRQHandler             
0000015b  TIMG6_IRQHandler              
0000015b  TIMG7_IRQHandler              
0000015b  TIMG8_IRQHandler              
00000341  UART0_IRQHandler              
0000015b  UART1_IRQHandler              
0000015b  UART2_IRQHandler              
0000015b  UART3_IRQHandler              
20208000  __STACK_END                   
00000200  __STACK_SIZE                  
00000000  __TI_ATRegion0_region_sz      
00000000  __TI_ATRegion0_src_addr       
00000000  __TI_ATRegion0_trg_addr       
00000000  __TI_ATRegion1_region_sz      
00000000  __TI_ATRegion1_src_addr       
00000000  __TI_ATRegion1_trg_addr       
00000000  __TI_ATRegion2_region_sz      
00000000  __TI_ATRegion2_src_addr       
00000000  __TI_ATRegion2_trg_addr       
00000450  __TI_CINIT_Base               
00000458  __TI_CINIT_Limit              
00000458  __TI_CINIT_Warm               
00000440  __TI_Handler_Table_Base       
00000448  __TI_Handler_Table_Limit      
000002d1  __TI_auto_init_nobinit_nopinit
0000015d  __TI_decompress_lzss          
000003ff  __TI_decompress_none          
ffffffff  __TI_pprof_out_hndl           
ffffffff  __TI_prof_data_size           
ffffffff  __TI_prof_data_start          
00000000  __TI_static_base__            
0000041d  __aeabi_memcpy                
0000041d  __aeabi_memcpy4               
0000041d  __aeabi_memcpy8               
ffffffff  __binit__                     
UNDEFED   __mpu_init                    
20207e00  __stack                       
20200000  __start___llvm_prf_bits       
20200000  __start___llvm_prf_cnts       
20200000  __stop___llvm_prf_bits        
20200000  __stop___llvm_prf_cnts        
00000371  _c_int00_noargs               
UNDEFED   _system_post_cinit            
00000429  _system_pre_init              
0000042d  abort                         
ffffffff  binit                         
20200000  gEchoData                     
00000000  interruptVectors              
000003bd  main                          
000000c1  memcpy                        


GLOBAL SYMBOLS: SORTED BY Symbol Address 

address   name                          
-------   ----                          
00000000  __TI_ATRegion0_region_sz      
00000000  __TI_ATRegion0_src_addr       
00000000  __TI_ATRegion0_trg_addr       
00000000  __TI_ATRegion1_region_sz      
00000000  __TI_ATRegion1_src_addr       
00000000  __TI_ATRegion1_trg_addr       
00000000  __TI_ATRegion2_region_sz      
00000000  __TI_ATRegion2_src_addr       
00000000  __TI_ATRegion2_trg_addr       
00000000  __TI_static_base__            
00000000  interruptVectors              
000000c1  memcpy                        
0000015b  ADC0_IRQHandler               
0000015b  ADC1_IRQHandler               
0000015b  AES_IRQHandler                
0000015b  CANFD0_IRQHandler             
0000015b  DAC0_IRQHandler               
0000015b  DMA_IRQHandler                
0000015b  Default_Handler               
0000015b  GROUP0_IRQHandler             
0000015b  GROUP1_IRQHandler             
0000015b  HardFault_Handler             
0000015b  I2C0_IRQHandler               
0000015b  I2C1_IRQHandler               
0000015b  NMI_Handler                   
0000015b  PendSV_Handler                
0000015b  RTC_IRQHandler                
0000015b  SPI0_IRQHandler               
0000015b  SPI1_IRQHandler               
0000015b  SVC_Handler                   
0000015b  SysTick_Handler               
0000015b  TIMA0_IRQHandler              
0000015b  TIMA1_IRQHandler              
0000015b  TIMG0_IRQHandler              
0000015b  TIMG12_IRQHandler             
0000015b  TIMG6_IRQHandler              
0000015b  TIMG7_IRQHandler              
0000015b  TIMG8_IRQHandler              
0000015b  UART1_IRQHandler              
0000015b  UART2_IRQHandler              
0000015b  UART3_IRQHandler              
0000015d  __TI_decompress_lzss          
000001d9  SYSCFG_DL_UART_0_init         
00000200  __STACK_SIZE                  
00000249  DL_UART_init                  
00000291  SYSCFG_DL_SYSCTL_init         
000002d1  __TI_auto_init_nobinit_nopinit
0000030d  SYSCFG_DL_initPower           
00000341  UART0_IRQHandler              
00000371  _c_int00_noargs               
00000399  SYSCFG_DL_GPIO_init           
000003bd  main                          
000003d9  SYSCFG_DL_init                
000003ed  DL_UART_setClockConfig        
000003ff  __TI_decompress_none          
00000411  DL_Common_delayCycles         
0000041d  __aeabi_memcpy                
0000041d  __aeabi_memcpy4               
0000041d  __aeabi_memcpy8               
00000425  Reset_Handler                 
00000429  _system_pre_init              
0000042c  C$$EXIT                       
0000042d  abort                         
00000440  __TI_Handler_Table_Base       
00000448  __TI_Handler_Table_Limit      
00000450  __TI_CINIT_Base               
00000458  __TI_CINIT_Limit              
00000458  __TI_CINIT_Warm               
20200000  __start___llvm_prf_bits       
20200000  __start___llvm_prf_cnts       
20200000  __stop___llvm_prf_bits        
20200000  __stop___llvm_prf_cnts        
20200000  gEchoData                     
20207e00  __stack                       
20208000  __STACK_END                   
ffffffff  __TI_pprof_out_hndl           
ffffffff  __TI_prof_data_size           
ffffffff  __TI_prof_data_start          
ffffffff  __binit__                     
ffffffff  binit                         
UNDEFED   __mpu_init                    
UNDEFED   _system_post_cinit            

[82 symbols]
