******************************************************************************
            TI ARM Clang Linker PC v4.0.0                      
******************************************************************************
>> Linked Wed Feb 12 14:58:28 2025

OUTPUT FILE NAME:   <gpio_simultaneous_interrupts_LP_MSPM0G3507_nortos_ticlang.out>
ENTRY POINT SYMBOL: "_c_int00_noargs"  address: 000006d9


MEMORY CONFIGURATION

         name            origin    length      used     unused   attr    fill
----------------------  --------  ---------  --------  --------  ----  --------
  FLASH                 00000000   00020000  00000840  0001f7c0  R  X
  SRAM                  20200000   00008000  000002c8  00007d38  RW X
  BCR_CONFIG            41c00000   00000080  00000000  00000080  R   
  BSL_CONFIG            41c00100   00000080  00000000  00000080  R   


SEGMENT ALLOCATION MAP

run origin  load origin   length   init length attrs members
----------  ----------- ---------- ----------- ----- -------
00000000    00000000    00000840   00000840    r-x
  00000000    00000000    000000c0   000000c0    r-- .intvecs
  000000c0    000000c0    00000728   00000728    r-x .text
  000007e8    000007e8    00000028   00000028    r-- .rodata
  00000810    00000810    00000030   00000030    r-- .cinit
20200000    20200000    000000c8   00000000    rw-
  20200000    20200000    000000c0   00000000    rw- .bss
  202000c0    202000c0    00000008   00000000    rw- .data
20207e00    20207e00    00000200   00000000    rw-
  20207e00    20207e00    00000200   00000000    rw- .stack


SECTION ALLOCATION MAP

 output                                  attributes/
section   page    origin      length       input sections
--------  ----  ----------  ----------   ----------------
.intvecs   0    00000000    000000c0     
                  00000000    000000c0     startup_mspm0g350x_ticlang.o (.intvecs)

.text      0    000000c0    00000728     
                  000000c0    00000104     driverlib.a : dl_timer.o (.text.DL_Timer_initFourCCPWMMode)
                  000001c4    000000e8                 : dl_timer.o (.text.DL_Timer_initTimerMode)
                  000002ac    0000009a     libc.a : memcpy16.S.obj (.text:memcpy)
                  00000346    00000002     startup_mspm0g350x_ticlang.o (.text.Default_Handler)
                  00000348    00000098     ti_msp_dl_config.o (.text.SYSCFG_DL_GPIO_init)
                  000003e0    00000094     gpio_simultaneous_interrupts.o (.text.main)
                  00000474    00000090     ti_msp_dl_config.o (.text.SYSCFG_DL_PWM_init)
                  00000504    0000007c     libc.a : copy_decompress_lzss.c.obj (.text:decompress:lzss)
                  00000580    00000074     gpio_simultaneous_interrupts.o (.text.GROUP1_IRQHandler)
                  000005f4    00000040     ti_msp_dl_config.o (.text.SYSCFG_DL_initPower)
                  00000634    0000003c     libc.a : autoinit.c.obj (.text:__TI_auto_init_nobinit_nopinit)
                  00000670    00000038     ti_msp_dl_config.o (.text.SYSCFG_DL_TIMER_0_init)
                  000006a8    00000030     ti_msp_dl_config.o (.text.SYSCFG_DL_SYSCTL_init)
                  000006d8    00000028     libc.a : boot_cortex_m.c.obj (.text:_c_int00_noargs)
                  00000700    00000024     ti_msp_dl_config.o (.text.SYSCFG_DL_init)
                  00000724    0000001c     driverlib.a : dl_timer.o (.text.DL_Timer_setCaptCompUpdateMethod)
                  00000740    0000001c                 : dl_timer.o (.text.DL_Timer_setClockConfig)
                  0000075c    0000001c     gpio_simultaneous_interrupts.o (.text.TIMA0_IRQHandler)
                  00000778    00000018     driverlib.a : dl_timer.o (.text.DL_Timer_setCaptureCompareOutCtl)
                  00000790    00000016     libc.a : copy_zero_init.c.obj (.text:decompress:ZI:__TI_zero_init_nomemset)
                  000007a6    00000012            : copy_decompress_none.c.obj (.text:decompress:none)
                  000007b8    00000010     driverlib.a : dl_timer.o (.text.DL_Timer_setCaptureCompareValue)
                  000007c8    0000000a                 : dl_common.o (.text.DL_Common_delayCycles)
                  000007d2    00000002     --HOLE-- [fill = 0]
                  000007d4    00000008     libclang_rt.builtins.a : aeabi_memcpy.S.obj (.text.__aeabi_memcpy)
                  000007dc    00000004     startup_mspm0g350x_ticlang.o (.text.Reset_Handler)
                  000007e0    00000004     libc.a : pre_init.c.obj (.text._system_pre_init)
                  000007e4    00000004            : exit.c.obj (.text:abort)

.cinit     0    00000810    00000030     
                  00000810    0000000c     (__TI_handler_table)
                  0000081c    0000000b     (.cinit..data.load) [load image, compression = lzss]
                  00000827    00000001     --HOLE-- [fill = 0]
                  00000828    00000008     (.cinit..bss.load) [load image, compression = zero_init]
                  00000830    00000010     (__TI_cinit_table)

.rodata    0    000007e8    00000028     
                  000007e8    00000014     ti_msp_dl_config.o (.rodata.gTIMER_0TimerConfig)
                  000007fc    00000008     ti_msp_dl_config.o (.rodata.gPWMConfig)
                  00000804    00000003     ti_msp_dl_config.o (.rodata.gPWMClockConfig)
                  00000807    00000003     ti_msp_dl_config.o (.rodata.gTIMER_0ClockConfig)
                  0000080a    00000006     --HOLE-- [fill = 0]

.init_array 
*          0    00000000    00000000     UNINITIALIZED

.binit     0    00000000    00000000     

.bss       0    20200000    000000c0     UNINITIALIZED
                  20200000    000000bc     (.common:gTIMER_0Backup)
                  202000bc    00000004     (.common:gpioA)

.data      0    202000c0    00000008     UNINITIALIZED
                  202000c0    00000004     gpio_simultaneous_interrupts.o (.data.left)
                  202000c4    00000004     gpio_simultaneous_interrupts.o (.data.speed)

.stack     0    20207e00    00000200     UNINITIALIZED
                  20207e00    00000004     libc.a : boot_cortex_m.c.obj (.stack)
                  20207e04    000001fc     --HOLE--

__llvm_prf_cnts 
*          0    20200000    00000000     UNINITIALIZED

__llvm_prf_bits 
*          0    20200000    00000000     UNINITIALIZED

MODULE SUMMARY

       Module                           code   ro data   rw data
       ------                           ----   -------   -------
    .\
       ti_msp_dl_config.o               500    34        188    
       gpio_simultaneous_interrupts.o   292    0         12     
       startup_mspm0g350x_ticlang.o     6      192       0      
    +--+--------------------------------+------+---------+---------+
       Total:                           798    226       200    
                                                                
    C:/ti/mspm0_sdk_2_03_00_07/source/ti/driverlib/lib/ticlang/m0p/mspm0g1x0x_g3x0x/driverlib.a
       dl_timer.o                       588    0         0      
       dl_common.o                      10     0         0      
    +--+--------------------------------+------+---------+---------+
       Total:                           598    0         0      
                                                                
    C:\ti\ccstheia151\ccs\tools\compiler\ti-cgt-armllvm_4.0.0.LTS\lib\armv6m-ti-none-eabi/c/libc.a
       memcpy16.S.obj                   154    0         0      
       copy_decompress_lzss.c.obj       124    0         0      
       autoinit.c.obj                   60     0         0      
       boot_cortex_m.c.obj              40     0         0      
       copy_zero_init.c.obj             22     0         0      
       copy_decompress_none.c.obj       18     0         0      
       exit.c.obj                       4      0         0      
       pre_init.c.obj                   4      0         0      
    +--+--------------------------------+------+---------+---------+
       Total:                           426    0         0      
                                                                
    C:\ti\ccstheia151\ccs\tools\compiler\ti-cgt-armllvm_4.0.0.LTS\lib\armv6m-ti-none-eabi/libclang_rt.builtins.a
       aeabi_memcpy.S.obj               8      0         0      
    +--+--------------------------------+------+---------+---------+
       Total:                           8      0         0      
                                                                
       Stack:                           0      0         512    
       Linker Generated:                0      47        0      
    +--+--------------------------------+------+---------+---------+
       Grand Total:                     1830   273       712    


LINKER GENERATED COPY TABLES

__TI_cinit_table @ 00000830 records: 2, size/record: 8, table size: 16
	.data: load addr=0000081c, load size=0000000b bytes, run addr=202000c0, run size=00000008 bytes, compression=lzss
	.bss: load addr=00000828, load size=00000008 bytes, run addr=20200000, run size=000000c0 bytes, compression=zero_init


LINKER GENERATED HANDLER TABLE

__TI_handler_table @ 00000810 records: 3, size/record: 4, table size: 12
	index: 0, handler: __TI_decompress_lzss
	index: 1, handler: __TI_decompress_none
	index: 2, handler: __TI_zero_init


GLOBAL SYMBOLS: SORTED ALPHABETICALLY BY Name 

address   name                            
-------   ----                            
00000347  ADC0_IRQHandler                 
00000347  ADC1_IRQHandler                 
00000347  AES_IRQHandler                  
000007e4  C$$EXIT                         
00000347  CANFD0_IRQHandler               
00000347  DAC0_IRQHandler                 
000007c9  DL_Common_delayCycles           
000000c1  DL_Timer_initFourCCPWMMode      
000001c5  DL_Timer_initTimerMode          
00000725  DL_Timer_setCaptCompUpdateMethod
00000779  DL_Timer_setCaptureCompareOutCtl
000007b9  DL_Timer_setCaptureCompareValue 
00000741  DL_Timer_setClockConfig         
00000347  DMA_IRQHandler                  
00000347  Default_Handler                 
00000347  GROUP0_IRQHandler               
00000581  GROUP1_IRQHandler               
00000347  HardFault_Handler               
00000347  I2C0_IRQHandler                 
00000347  I2C1_IRQHandler                 
00000347  NMI_Handler                     
00000347  PendSV_Handler                  
00000347  RTC_IRQHandler                  
000007dd  Reset_Handler                   
00000347  SPI0_IRQHandler                 
00000347  SPI1_IRQHandler                 
00000347  SVC_Handler                     
00000349  SYSCFG_DL_GPIO_init             
00000475  SYSCFG_DL_PWM_init              
000006a9  SYSCFG_DL_SYSCTL_init           
00000671  SYSCFG_DL_TIMER_0_init          
00000701  SYSCFG_DL_init                  
000005f5  SYSCFG_DL_initPower             
00000347  SysTick_Handler                 
0000075d  TIMA0_IRQHandler                
00000347  TIMA1_IRQHandler                
00000347  TIMG0_IRQHandler                
00000347  TIMG12_IRQHandler               
00000347  TIMG6_IRQHandler                
00000347  TIMG7_IRQHandler                
00000347  TIMG8_IRQHandler                
00000347  UART0_IRQHandler                
00000347  UART1_IRQHandler                
00000347  UART2_IRQHandler                
00000347  UART3_IRQHandler                
20208000  __STACK_END                     
00000200  __STACK_SIZE                    
00000000  __TI_ATRegion0_region_sz        
00000000  __TI_ATRegion0_src_addr         
00000000  __TI_ATRegion0_trg_addr         
00000000  __TI_ATRegion1_region_sz        
00000000  __TI_ATRegion1_src_addr         
00000000  __TI_ATRegion1_trg_addr         
00000000  __TI_ATRegion2_region_sz        
00000000  __TI_ATRegion2_src_addr         
00000000  __TI_ATRegion2_trg_addr         
00000830  __TI_CINIT_Base                 
00000840  __TI_CINIT_Limit                
00000840  __TI_CINIT_Warm                 
00000810  __TI_Handler_Table_Base         
0000081c  __TI_Handler_Table_Limit        
00000635  __TI_auto_init_nobinit_nopinit  
00000505  __TI_decompress_lzss            
000007a7  __TI_decompress_none            
ffffffff  __TI_pprof_out_hndl             
ffffffff  __TI_prof_data_size             
ffffffff  __TI_prof_data_start            
00000000  __TI_static_base__              
00000791  __TI_zero_init_nomemset         
000007d5  __aeabi_memcpy                  
000007d5  __aeabi_memcpy4                 
000007d5  __aeabi_memcpy8                 
ffffffff  __binit__                       
UNDEFED   __mpu_init                      
20207e00  __stack                         
20200000  __start___llvm_prf_bits         
20200000  __start___llvm_prf_cnts         
20200000  __stop___llvm_prf_bits          
20200000  __stop___llvm_prf_cnts          
000006d9  _c_int00_noargs                 
UNDEFED   _system_post_cinit              
000007e1  _system_pre_init                
000007e5  abort                           
ffffffff  binit                           
20200000  gTIMER_0Backup                  
202000bc  gpioA                           
00000000  interruptVectors                
202000c0  left                            
000003e1  main                            
000002ad  memcpy                          
202000c4  speed                           


GLOBAL SYMBOLS: SORTED BY Symbol Address 

address   name                            
-------   ----                            
00000000  __TI_ATRegion0_region_sz        
00000000  __TI_ATRegion0_src_addr         
00000000  __TI_ATRegion0_trg_addr         
00000000  __TI_ATRegion1_region_sz        
00000000  __TI_ATRegion1_src_addr         
00000000  __TI_ATRegion1_trg_addr         
00000000  __TI_ATRegion2_region_sz        
00000000  __TI_ATRegion2_src_addr         
00000000  __TI_ATRegion2_trg_addr         
00000000  __TI_static_base__              
00000000  interruptVectors                
000000c1  DL_Timer_initFourCCPWMMode      
000001c5  DL_Timer_initTimerMode          
00000200  __STACK_SIZE                    
000002ad  memcpy                          
00000347  ADC0_IRQHandler                 
00000347  ADC1_IRQHandler                 
00000347  AES_IRQHandler                  
00000347  CANFD0_IRQHandler               
00000347  DAC0_IRQHandler                 
00000347  DMA_IRQHandler                  
00000347  Default_Handler                 
00000347  GROUP0_IRQHandler               
00000347  HardFault_Handler               
00000347  I2C0_IRQHandler                 
00000347  I2C1_IRQHandler                 
00000347  NMI_Handler                     
00000347  PendSV_Handler                  
00000347  RTC_IRQHandler                  
00000347  SPI0_IRQHandler                 
00000347  SPI1_IRQHandler                 
00000347  SVC_Handler                     
00000347  SysTick_Handler                 
00000347  TIMA1_IRQHandler                
00000347  TIMG0_IRQHandler                
00000347  TIMG12_IRQHandler               
00000347  TIMG6_IRQHandler                
00000347  TIMG7_IRQHandler                
00000347  TIMG8_IRQHandler                
00000347  UART0_IRQHandler                
00000347  UART1_IRQHandler                
00000347  UART2_IRQHandler                
00000347  UART3_IRQHandler                
00000349  SYSCFG_DL_GPIO_init             
000003e1  main                            
00000475  SYSCFG_DL_PWM_init              
00000505  __TI_decompress_lzss            
00000581  GROUP1_IRQHandler               
000005f5  SYSCFG_DL_initPower             
00000635  __TI_auto_init_nobinit_nopinit  
00000671  SYSCFG_DL_TIMER_0_init          
000006a9  SYSCFG_DL_SYSCTL_init           
000006d9  _c_int00_noargs                 
00000701  SYSCFG_DL_init                  
00000725  DL_Timer_setCaptCompUpdateMethod
00000741  DL_Timer_setClockConfig         
0000075d  TIMA0_IRQHandler                
00000779  DL_Timer_setCaptureCompareOutCtl
00000791  __TI_zero_init_nomemset         
000007a7  __TI_decompress_none            
000007b9  DL_Timer_setCaptureCompareValue 
000007c9  DL_Common_delayCycles           
000007d5  __aeabi_memcpy                  
000007d5  __aeabi_memcpy4                 
000007d5  __aeabi_memcpy8                 
000007dd  Reset_Handler                   
000007e1  _system_pre_init                
000007e4  C$$EXIT                         
000007e5  abort                           
00000810  __TI_Handler_Table_Base         
0000081c  __TI_Handler_Table_Limit        
00000830  __TI_CINIT_Base                 
00000840  __TI_CINIT_Limit                
00000840  __TI_CINIT_Warm                 
20200000  __start___llvm_prf_bits         
20200000  __start___llvm_prf_cnts         
20200000  __stop___llvm_prf_bits          
20200000  __stop___llvm_prf_cnts          
20200000  gTIMER_0Backup                  
202000bc  gpioA                           
202000c0  left                            
202000c4  speed                           
20207e00  __stack                         
20208000  __STACK_END                     
ffffffff  __TI_pprof_out_hndl             
ffffffff  __TI_prof_data_size             
ffffffff  __TI_prof_data_start            
ffffffff  __binit__                       
ffffffff  binit                           
UNDEFED   __mpu_init                      
UNDEFED   _system_post_cinit              

[91 symbols]
